{
 "n": 4400,
 "half_spread": {
  "median": 2.661786564893579,
  "mean": 5.888088619647414,
  "p25": 1.0,
  "p75": 6.67328535057009,
  "p90": 14.393602912107735
 },
 "impact": {
  "median": 10.0,
  "mean": 19.96108211920385,
  "p25": 3.7870013691397695,
  "p75": 18.988107807469866,
  "p90": 44.2633531904328
 },
 "total": {
  "median": 12.541243361593539,
  "mean": 25.849170738851264,
  "p25": 7.033371740260833,
  "p75": 26.827325914917232,
  "p90": 55.734669745268704
 },
 "frac_total_gt10": 0.6456818181818181,
 "frac_half_gt10": 0.16022727272727272,
 "tiers": {
  "win": 4266,
  "prior": 134
 },
 "by_time": {
  "09:30-09:45": {
   "n": 800,
   "half": 2.162957321761212,
   "impact": 11.733146105581142,
   "total": 19.307257604406043,
   "frac_gt10": 0.80375
  },
  "09:46-10:30": {
   "n": 1200,
   "half": 5.592996853705836,
   "impact": 10.11535763797595,
   "total": 18.51780771035753,
   "frac_gt10": 0.785
  },
  "10:31-12:30": {
   "n": 1200,
   "half": 2.321530803281665,
   "impact": 8.139563940276108,
   "total": 11.0,
   "frac_gt10": 0.5733333333333334
  },
  "12:31-16:00": {
   "n": 1200,
   "half": 1.726855605840683,
   "impact": 6.32020401615434,
   "total": 9.23761939580309,
   "frac_gt10": 0.47333333333333333
  }
 },
 "total_coef0.0": {
  "median": 2.661786564893579,
  "mean": 5.888088619647414,
  "frac_gt10": 0.16022727272727272
 },
 "total_coef0.3": {
  "median": 6.303465812808175,
  "mean": 11.87641325540857,
  "frac_gt10": 0.3372727272727273
 },
 "total_coef0.5": {
  "median": 8.153660083319405,
  "mean": 15.86862967924934,
  "frac_gt10": 0.42568181818181816
 },
 "total_coef1.0": {
  "median": 12.541243361593539,
  "mean": 25.849170738851264,
  "frac_gt10": 0.6456818181818181
 }
}
