R4 top5: [('2024-10-24', 'MNPR', 21446, '5-10', '0-1e+06', 1.98), ('2024-12-09', 'HUIZ', 7857, '2-5', '0-1e+06', 3.87), ('2025-01-27', 'YIBO', 28715, '2-5', '0-1e+06', 3.13), ('2025-10-22', 'ARMP', 9277, '5-10', '0-1e+06', 1.7), ('2025-12-01', 'FLYE', 12010, '5-10', '0-1e+06', 0.04)]

== price ==
         10-20 R4ex5 n=  182 wins  -11.5 (Y1   -2.2 Y2  -17.3) med  +34.6 | wins-net@central  -46.3 (Y1  -39.1 Y2  -50.7)
               RND   n= 6501 wins   +1.5 (Y1   -2.0 Y2   +4.1) med  +47.1 | wins-net@central  -36.6 (Y1  -45.0 Y2  -30.5)
               HF3   n=  395 wins   -1.5 (Y1   +1.8 Y2   -3.1) med  +51.5 | wins-net@central  -38.2 (Y1  -38.8 Y2  -38.0)
           2-5 R4ex5 n=  244 wins  -43.5 (Y1  -67.2 Y2  -23.1) med  +20.8 | wins-net@central  -82.9 (Y1 -109.9 Y2  -59.7)
               RND   n= 8475 wins   -2.4 (Y1  -15.2 Y2   +7.9) med  +48.7 | wins-net@central  -48.0 (Y1  -62.2 Y2  -36.6)
               HF3   n=  327 wins  -21.4 (Y1   +2.1 Y2  -48.4) med  +42.7 | wins-net@central  -69.4 (Y1  -48.9 Y2  -93.0)
         20-50 R4ex5 n=  196 wins   -6.9 (Y1  -11.1 Y2   -4.8) med  +40.6 | wins-net@central  -37.9 (Y1  -44.6 Y2  -34.6)
               RND   n= 6790 wins   +8.4 (Y1   -4.4 Y2  +16.7) med  +52.2 | wins-net@central  -24.9 (Y1  -42.8 Y2  -13.4)
               HF3   n=  336 wins  +19.9 (Y1  +11.2 Y2  +26.2) med  +60.2 | wins-net@central  -10.7 (Y1  -20.5 Y2   -3.5)
          5-10 R4ex5 n=  197 wins  -10.7 (Y1  -32.0 Y2  +11.2) med  +30.5 | wins-net@central  -52.7 (Y1  -68.6 Y2  -36.3)
               RND   n= 6847 wins   +0.4 (Y1   +6.7 Y2   -4.5) med  +45.7 | wins-net@central  -41.9 (Y1  -38.7 Y2  -44.4)
               HF3   n=  380 wins  +13.2 (Y1  +26.1 Y2   +2.0) med  +67.1 | wins-net@central  -27.5 (Y1  -16.4 Y2  -37.3)
      50-1e+09 R4ex5 n=  141 wins   +9.9 (Y1   +3.7 Y2  +16.3) med  +49.8 | wins-net@central  -28.7 (Y1  -37.2 Y2  -19.8)
               RND   n= 6288 wins   -0.1 (Y1  -10.2 Y2   +8.9) med  +43.1 | wins-net@central  -35.8 (Y1  -52.6 Y2  -20.7)
               HF3   n=  401 wins  -42.3 (Y1  -56.1 Y2  -28.6) med  +30.6 | wins-net@central  -73.2 (Y1  -94.7 Y2  -51.8)

== dvol60 ==
       0-1e+06 R4ex5 n=  545 wins  -27.2 (Y1  -44.3 Y2  -11.1) med  +11.8 | wins-net@central  -73.3 (Y1  -91.8 Y2  -55.9)
               RND   n=15187 wins  -15.0 (Y1  -18.0 Y2  -12.0) med  +31.0 | wins-net@central  -72.9 (Y1  -78.4 Y2  -67.4)
               HF3   n=  722 wins  -17.0 (Y1  -20.5 Y2  -12.4) med  +54.6 | wins-net@central  -74.5 (Y1  -78.0 Y2  -69.9)
   1e+06-5e+06 R4ex5 n=  180 wins  -37.7 (Y1   -5.3 Y2  -59.3) med  +30.7 | wins-net@central  -68.8 (Y1  -33.5 Y2  -92.3)
               RND   n= 6477 wins   +2.1 (Y1   -1.5 Y2   +4.8) med  +52.2 | wins-net@central  -31.1 (Y1  -36.7 Y2  -26.9)
               HF3   n=  311 wins  -18.8 (Y1  -10.2 Y2  -24.2) med  +48.1 | wins-net@central  -51.9 (Y1  -43.3 Y2  -57.3)
   1e+08-1e+15 R4ex5 n=   28 wins  +60.0 (Y1  +37.3 Y2  +72.6) med  +56.9 | wins-net@central  +43.3 (Y1  +24.6 Y2  +53.7)
               RND   n= 3049 wins  +18.9 (Y1  +17.3 Y2  +20.0) med  +47.9 | wins-net@central   +1.3 (Y1   -0.4 Y2   +2.5)
               HF3   n=  241 wins   +6.4 (Y1  +18.9 Y2   +2.6) med  +49.7 | wins-net@central  -11.2 (Y1   +1.3 Y2  -15.0)
   2e+07-1e+08 R4ex5 n=   94 wins  +33.2 (Y1   -0.1 Y2  +53.9) med  +47.9 | wins-net@central  +14.4 (Y1  -17.4 Y2  +34.2)
               RND   n= 4912 wins  +23.3 (Y1  +12.6 Y2  +28.4) med  +53.3 | wins-net@central   +3.5 (Y1   -6.8 Y2   +8.3)
               HF3   n=  334 wins  +22.7 (Y1  +36.0 Y2  +16.1) med  +56.9 | wins-net@central   +2.9 (Y1  +16.2 Y2   -3.7)
   5e+06-2e+07 R4ex5 n=  113 wins  +17.8 (Y1   +7.9 Y2  +22.8) med  +45.1 | wins-net@central   -6.6 (Y1  -15.1 Y2   -2.4)
               RND   n= 5276 wins  +17.2 (Y1   +8.1 Y2  +22.3) med  +56.4 | wins-net@central   -7.1 (Y1  -16.9 Y2   -1.6)
               HF3   n=  231 wins  -16.9 (Y1   +1.2 Y2  -37.8) med  +35.0 | wins-net@central  -41.2 (Y1  -23.1 Y2  -62.1)

== rvol1 ==
         0-0.5 R4ex5 n=   99 wins -104.2 (Y1 -130.4 Y2  -90.5) med -105.8 | wins-net@central -144.9 (Y1 -178.3 Y2 -127.4)
               RND   n= 2584 wins  -29.5 (Y1  -45.7 Y2  -19.4) med  +25.3 | wins-net@central  -79.1 (Y1 -103.0 Y2  -64.1)
               HF3   n=  104 wins  -60.0 (Y1  -77.7 Y2  -46.4) med  +46.3 | wins-net@central  -97.7 (Y1 -116.2 Y2  -83.7)
         0.5-1 R4ex5 n=  186 wins   +9.2 (Y1  +26.4 Y2   -1.2) med  +34.4 | wins-net@central  -24.4 (Y1  -12.0 Y2  -31.9)
               RND   n= 6301 wins   +0.8 (Y1  -10.3 Y2   +7.7) med  +42.1 | wins-net@central  -34.2 (Y1  -50.1 Y2  -24.4)
               HF3   n=  233 wins  -27.5 (Y1  -28.1 Y2  -27.2) med  +28.2 | wins-net@central  -61.2 (Y1  -65.0 Y2  -58.8)
           1-2 R4ex5 n=  263 wins  +10.2 (Y1  +28.8 Y2   -4.5) med  +40.9 | wins-net@central  -19.9 (Y1   -0.8 Y2  -35.0)
               RND   n= 9248 wins   +9.4 (Y1   +3.5 Y2  +13.4) med  +46.3 | wins-net@central  -22.3 (Y1  -31.2 Y2  -16.3)
               HF3   n=  369 wins  -11.4 (Y1  -43.3 Y2   +6.4) med  +44.8 | wins-net@central  -42.2 (Y1  -81.2 Y2  -20.5)
           2-5 R4ex5 n=  187 wins  -15.2 (Y1  -62.8 Y2  +27.1) med  +44.4 | wins-net@central  -54.1 (Y1  -99.6 Y2  -13.6)
               RND   n= 7390 wins   +6.4 (Y1   -6.3 Y2  +15.9) med  +52.4 | wins-net@central  -29.9 (Y1  -46.0 Y2  -17.9)
               HF3   n=  471 wins   +7.8 (Y1  +20.9 Y2   -3.9) med  +54.5 | wins-net@central  -24.3 (Y1  -15.0 Y2  -32.7)
       5-1e+09 R4ex5 n=  181 wins  -46.1 (Y1  -72.0 Y2  -18.8) med   +8.9 | wins-net@central  -94.6 (Y1 -121.2 Y2  -66.5)
               RND   n= 7719 wins   -2.1 (Y1   -4.7 Y2   +0.6) med  +55.8 | wins-net@central  -53.1 (Y1  -58.1 Y2  -47.9)
               HF3   n=  590 wins   +0.9 (Y1   +9.2 Y2   -7.8) med  +62.5 | wins-net@central  -45.2 (Y1  -38.5 Y2  -52.2)
            NA R4ex5 n=   44 wins  +53.3 (Y1   +3.2 Y2  +91.3) med  +78.9 | wins-net@central  +19.3 (Y1  -30.0 Y2  +56.7)
               RND   n= 1659 wins   +1.0 (Y1  +11.9 Y2  -11.3) med  +52.5 | wins-net@central  -41.2 (Y1  -34.0 Y2  -49.2)
               HF3   n=   72 wins   -3.1 (Y1   -3.8 Y2   -2.6) med  +60.8 | wins-net@central  -42.7 (Y1  -49.1 Y2  -37.5)

== pdv ==
       0-1e+06 R4ex5 n=  384 wins  -47.3 (Y1  -44.4 Y2  -50.0) med  -31.2 | wins-net@central  -92.3 (Y1  -92.6 Y2  -92.0)
               RND   n= 9207 wins  -22.8 (Y1  -26.6 Y2  -19.2) med  +11.1 | wins-net@central  -82.0 (Y1  -88.9 Y2  -75.5)
               HF3   n=  328 wins  -46.8 (Y1  -49.4 Y2  -43.3) med  +25.8 | wins-net@central -103.3 (Y1 -106.7 Y2  -98.5)
   1e+06-5e+06 R4ex5 n=  230 wins   -3.9 (Y1  -18.1 Y2   +6.8) med  +47.5 | wins-net@central  -41.2 (Y1  -53.7 Y2  -31.8)
               RND   n= 7003 wins   -0.8 (Y1   -7.2 Y2   +4.3) med  +46.7 | wins-net@central  -42.7 (Y1  -52.8 Y2  -34.6)
               HF3   n=  306 wins  -30.7 (Y1  -43.9 Y2  -16.0) med  +50.8 | wins-net@central  -79.4 (Y1  -94.3 Y2  -62.9)
   1e+08-1e+15 R4ex5 n=   50 wins  -13.5 (Y1  -73.0 Y2  +41.4) med  +36.5 | wins-net@central  -33.1 (Y1  -93.4 Y2  +22.5)
               RND   n= 4911 wins  +10.3 (Y1   +6.0 Y2  +13.2) med  +47.9 | wins-net@central  -12.7 (Y1  -17.9 Y2   -9.2)
               HF3   n=  448 wins   -7.3 (Y1   +8.7 Y2  -14.8) med  +47.9 | wins-net@central  -29.3 (Y1  -15.3 Y2  -35.9)
   2e+07-1e+08 R4ex5 n=  104 wins  +39.6 (Y1  -13.6 Y2  +67.8) med  +59.2 | wins-net@central  +10.9 (Y1  -39.9 Y2  +37.7)
               RND   n= 6055 wins  +23.5 (Y1  +11.7 Y2  +30.8) med  +58.9 | wins-net@central   -2.3 (Y1  -16.7 Y2   +6.5)
               HF3   n=  376 wins  +29.4 (Y1  +53.9 Y2   +9.7) med  +64.1 | wins-net@central   +1.4 (Y1  +24.7 Y2  -17.4)
   5e+06-2e+07 R4ex5 n=  148 wins  -10.2 (Y1  +12.6 Y2  -24.9) med  +36.3 | wins-net@central  -39.9 (Y1  -17.0 Y2  -54.6)
               RND   n= 6066 wins  +11.4 (Y1   +3.0 Y2  +16.9) med  +55.4 | wins-net@central  -21.0 (Y1  -32.8 Y2  -13.4)
               HF3   n=  309 wins  +14.0 (Y1  +15.1 Y2  +13.3) med  +47.9 | wins-net@central  -23.8 (Y1  -24.3 Y2  -23.5)
            NA R4ex5 n=   44 wins  +53.3 (Y1   +3.2 Y2  +91.3) med  +78.9 | wins-net@central  +19.3 (Y1  -30.0 Y2  +56.7)
               RND   n= 1659 wins   +1.0 (Y1  +11.9 Y2  -11.3) med  +52.5 | wins-net@central  -41.2 (Y1  -34.0 Y2  -49.2)
               HF3   n=   72 wins   -3.1 (Y1   -3.8 Y2   -2.6) med  +60.8 | wins-net@central  -42.7 (Y1  -49.1 Y2  -37.5)

== mcap ==
       0-5e+07 R4ex5 n=   42 wins  -47.6 (Y1 -141.1 Y2  +22.5) med  -52.0 | wins-net@central -101.5 (Y1 -200.5 Y2  -27.2)
               RND   n= 2167 wins   +9.0 (Y1   +4.7 Y2  +11.5) med  +59.8 | wins-net@central  -53.4 (Y1  -57.2 Y2  -51.2)
               HF3   n=  186 wins   +2.0 (Y1  -14.8 Y2  +32.4) med  +82.9 | wins-net@central  -53.5 (Y1  -69.2 Y2  -25.1)
   1e+10-1e+16 R4ex5 n=    2 wins +152.7 (Y1 +291.4 Y2  +14.1) med +152.7 | wins-net@central +132.5 (Y1 +256.9 Y2   +8.2)
               RND   n=  651 wins  +16.6 (Y1  +17.9 Y2  +15.4) med  +52.1 | wins-net@central  -20.8 (Y1  -24.1 Y2  -18.1)
               HF3   n=  149 wins  -46.3 (Y1  -43.7 Y2  -49.2) med  +29.7 | wins-net@central  -71.4 (Y1  -73.3 Y2  -69.1)
   2e+09-1e+10 R4ex5 n=   30 wins +105.3 (Y1 +139.2 Y2  +71.5) med  +73.8 | wins-net@central  +75.3 (Y1 +103.8 Y2  +46.9)
               RND   n= 1673 wins  +10.0 (Y1  +23.3 Y2   -2.6) med  +52.5 | wins-net@central  -23.1 (Y1  -13.7 Y2  -32.0)
               HF3   n=  404 wins   -2.3 (Y1  -21.2 Y2  +11.5) med  +47.3 | wins-net@central  -26.4 (Y1  -49.7 Y2   -9.4)
   3e+08-2e+09 R4ex5 n=   70 wins  -45.2 (Y1  -95.9 Y2   +8.4) med  +42.9 | wins-net@central  -83.5 (Y1 -131.7 Y2  -32.3)
               RND   n= 4397 wins   +8.6 (Y1   -1.6 Y2  +17.1) med  +59.8 | wins-net@central  -28.5 (Y1  -43.6 Y2  -16.1)
               HF3   n=  633 wins  -10.5 (Y1  -11.9 Y2   -9.7) med  +50.0 | wins-net@central  -45.0 (Y1  -51.5 Y2  -41.1)
   5e+07-3e+08 R4ex5 n=   90 wins  -57.1 (Y1  -14.4 Y2  -83.1) med  +13.8 | wins-net@central -103.8 (Y1  -50.7 Y2 -136.0)
               RND   n= 3794 wins   +0.5 (Y1  +10.2 Y2   -7.8) med  +55.1 | wins-net@central  -45.9 (Y1  -38.9 Y2  -51.9)
               HF3   n=  467 wins   +2.7 (Y1  +33.4 Y2  -23.8) med  +61.5 | wins-net@central  -45.9 (Y1  -16.2 Y2  -71.5)
            NA R4ex5 n=  726 wins  -10.9 (Y1  -23.1 Y2   -1.5) med  +34.9 | wins-net@central  -46.3 (Y1  -61.2 Y2  -34.8)
               RND   n=22219 wins   -1.7 (Y1  -13.5 Y2   +7.0) med  +42.1 | wins-net@central  -38.6 (Y1  -55.4 Y2  -26.2)
               HF3   n=0
EXIT 0
