  feats 0 23565
  feats 5000 23565
  feats 10000 23565
  feats 15000 23565
  feats 20000 23565
coverage R4 965 {'price': 965, 'dvol60': 965, 'pdv': 921, 'shares': 235, 'mcap': 235, 'rvol1': 921, 'nhist': 965} HF3 1839 {'price': 1839, 'dvol60': 1839, 'pdv': 1767, 'shares': 1839, 'mcap': 1839, 'rvol1': 1767, 'nhist': 1839}

cost (evid upper, bps/side) by price: {'20-50': 25.6, '5-10': 32.5, '2-5': 34.9, '50-1e+09': 27.5, '10-20': 29.3}
cost by dvol60: {'2e+07-1e+08': 15.3, '0-1e+06': 44.3, '1e+06-5e+06': 25.5, '1e+08-1e+15': 13.5, '5e+06-2e+07': 18.7}

== price ==  [R4: n gross net(evid) net(central) gY1 gY2 nY1c nY2c mo(central)] | [RND: n gross bps] | [HF3: n gross gY1 gY2 net]
         10-20 | R4  182     4.7   -48.7   -30.0   -27.9    25.1   -64.8    -8.3   -258 | RND  6501  -16.4  29.3 | HF3  395     2.1    19.4    -6.2   -54.2
           2-5 | R4  246   136.0    74.8    96.2   276.6    12.6   233.1   -24.0   1119 | RND  8475   17.1  35.1 | HF3  327   -48.2   -20.1   -80.4  -119.3
         20-50 | R4  196    -0.9   -48.7   -31.9   -27.5    12.4   -61.1   -17.5   -296 | RND  6790  -11.8  25.6 | HF3  336     2.3   -11.6    12.5   -44.4
          5-10 | R4  200   195.7   130.5   153.3   162.5   229.5   125.9   181.3   1450 | RND  6847    2.7  32.5 | HF3  380     4.1    10.9    -1.8   -58.5
      50-1e+09 | R4  141    45.0   -14.3     6.5    50.0    39.8     9.1     3.8     43 | RND  6288  -44.9  27.4 | HF3  401   -56.2   -47.9   -64.6  -107.9

== dvol60 ==  [R4: n gross net(evid) net(central) gY1 gY2 nY1c nY2c mo(central)] | [RND: n gross bps] | [HF3: n gross gY1 gY2 net]
       0-1e+06 | R4  550   153.6    82.2   107.2   185.3   123.6   137.6    78.5   2788 | RND 15187   -5.5  44.6 | HF3  722    -9.3   -14.0    -3.0   -98.4
   1e+06-5e+06 | R4  180   -82.5  -130.3  -113.5   -22.5  -122.5   -50.7  -155.4   -967 | RND  6477  -30.2  25.5 | HF3  311   -52.8   -38.3   -61.9  -104.1
   1e+08-1e+15 | R4   28    45.5    19.8    28.8    35.9    50.8    23.2    31.9     38 | RND  3049   -4.0  13.5 | HF3  241   -15.3     7.2   -22.1   -42.4
   2e+07-1e+08 | R4   94    42.3    13.4    23.5   -21.7    82.0   -39.0    62.3    104 | RND  4912    1.3  15.3 | HF3  334     7.6    29.3    -3.1   -22.8
   5e+06-2e+07 | R4  113    42.0     4.5    17.6    16.8    54.8    -6.2    29.7     94 | RND  5276   -4.1  18.7 | HF3  231   -47.1   -29.5   -67.5   -84.6

== pdv ==  [R4: n gross net(evid) net(central) gY1 gY2 nY1c nY2c mo(central)] | [RND: n gross bps] | [HF3: n gross gY1 gY2 net]
       0-1e+06 | R4  389   168.3    98.5   122.9   260.5    83.0   211.9    40.6   2262 | RND  9207    2.0  45.5 | HF3  328   -68.3   -55.3   -86.4  -156.2
   1e+06-5e+06 | R4  230    -1.1   -58.5   -38.4    20.5   -17.4   -15.2   -56.0   -418 | RND  7003  -25.3  32.2 | HF3  306   -34.8   -46.6   -21.6  -109.9
   1e+08-1e+15 | R4   50   -90.7  -120.8  -110.3  -219.4    28.1  -239.8     9.2   -261 | RND  4911  -18.2  17.7 | HF3  448   -40.7   -12.7   -53.7   -74.9
   2e+07-1e+08 | R4  104    51.8     7.6    23.1   -95.0   129.5  -121.2    99.4    113 | RND  6055    1.2  19.9 | HF3  376    39.4    58.2    24.3    -3.7
   5e+06-2e+07 | R4  148   -12.8   -58.5   -42.5    94.3   -81.9    64.7  -111.6   -297 | RND  6066   -7.4  24.9 | HF3  309     7.6     1.0    12.2   -50.3
            NA | R4   44   350.9   298.6   316.9    28.9   595.6    -4.3   561.0    659 | RND  1659  -12.5  32.4 | HF3   72   -14.1   -11.3   -16.3   -75.6

== shares ==  [R4: n gross net(evid) net(central) gY1 gY2 nY1c nY2c mo(central)] | [RND: n gross bps] | [HF3: n gross gY1 gY2 net]
       0-1e+07 | R4   56   441.9   359.5   388.3   952.5    58.9   894.2     8.9   1029 | RND  2891    6.9  47.5 | HF3  266     8.6   -78.4   146.2   -78.4
   1e+07-3e+07 | R4   58     8.1   -83.5   -51.4    45.4   -20.2     1.6   -91.6   -141 | RND  2696  -10.3  39.3 | HF3  360    26.4    97.1   -45.8   -38.8
   1e+08-3e+08 | R4   35     2.7   -37.3   -23.3   -78.9    89.0  -107.7    66.0    -39 | RND  2367  -21.0  21.9 | HF3  346   -57.5   -35.0   -73.9  -104.3
   3e+07-1e+08 | R4   77  -208.3  -259.1  -241.3  -269.6  -157.2  -302.1  -190.7   -879 | RND  3892  -10.5  29.4 | HF3  667   -30.5   -21.9   -34.7   -84.6
   3e+08-1e+15 | R4    9   304.9   268.6   281.3   777.2    68.8   762.0    41.0    120 | RND   836   21.6  20.2 | HF3  200   -33.4   -48.0   -15.6   -67.4
            NA | R4  730    92.6    37.9    57.0   102.5    85.0    64.2    51.5   1969 | RND 22219  -10.2  28.4 | HF3                                     

== mcap ==  [R4: n gross net(evid) net(central) gY1 gY2 nY1c nY2c mo(central)] | [RND: n gross bps] | [HF3: n gross gY1 gY2 net]
       0-5e+07 | R4   43   513.0   430.8   459.6  1128.6    25.7  1070.5   -24.0    935 | RND  2167   56.0  48.0 | HF3  186    48.1   -14.1   161.2   -36.0
   1e+10-1e+16 | R4    2   152.7   121.7   132.5   291.4    14.1   256.9     8.2     13 | RND   651  -29.8  28.8 | HF3  149   -39.1     5.0   -88.8   -79.5
   2e+09-1e+10 | R4   30   191.2   145.0   161.2   310.9    71.5   275.5    46.9    229 | RND  1673  -14.1  25.5 | HF3  404   -32.0   -56.5   -14.0   -70.0
   3e+08-2e+09 | R4   70   -93.6  -152.4  -131.8  -235.8    57.0  -271.7    16.2   -436 | RND  4397  -17.2  28.6 | HF3  633   -41.5   -54.5   -33.8   -95.4
   5e+07-3e+08 | R4   90  -106.0  -177.8  -152.6   -71.7  -126.8  -108.0  -179.7   -650 | RND  3794  -21.9  35.7 | HF3  467     2.0    62.4   -49.9   -72.0
            NA | R4  730    92.6    37.9    57.0   102.5    85.0    64.2    51.5   1969 | RND 22219  -10.2  28.4 | HF3                                     

== rvol1 ==  [R4: n gross net(evid) net(central) gY1 gY2 nY1c nY2c mo(central)] | [RND: n gross bps] | [HF3: n gross gY1 gY2 net]
         0-0.5 | R4  100   -82.5  -144.9  -123.1  -282.2    20.3  -330.0   -16.4   -582 | RND  2584  -36.0  38.1 | HF3  104   -43.1    26.1   -95.9  -102.6
         0.5-1 | R4  186    72.7    20.9    39.0   158.3    21.0   119.9    -9.8    343 | RND  6301   -5.2  26.9 | HF3  233   -40.2   -39.8   -40.5   -91.8
           1-2 | R4  265   118.5    71.5    87.9   222.2    36.5   192.5     5.3   1102 | RND  9248   -8.9  24.4 | HF3  369   -35.8   -68.9   -17.4   -84.1
           2-5 | R4  189   197.1   136.5   157.7   269.6   131.1   231.6    90.4   1409 | RND  7390    2.2  27.9 | HF3  471   -14.5    -0.1   -27.4   -64.0
       5-1e+09 | R4  181   -53.6  -128.2  -102.1   -45.3   -62.5   -94.4  -110.2   -874 | RND  7719  -12.2  39.2 | HF3  590    -0.3     4.9    -5.8   -71.5
            NA | R4   44   350.9   298.6   316.9    28.9   595.6    -4.3   561.0    659 | RND  1659  -12.5  32.4 | HF3   72   -14.1   -11.3   -16.3   -75.6

== nhist ==  [R4: n gross net(evid) net(central) gY1 gY2 nY1c nY2c mo(central)] | [RND: n gross bps] | [HF3: n gross gY1 gY2 net]
          0-59 | R4  119   189.0   130.9   151.2   431.0     1.2   393.4   -36.7    851 | RND  2941   -9.4  31.2 | HF3   17   555.5   619.8  -472.7   488.9
         59-61 | R4    6   287.7   251.0   263.8   242.7   332.7   221.9   305.8     75 | RND   247   -1.3  28.2 | HF3   10    27.7    27.7           -29.4
      61-1e+09 | R4  840    66.0     8.3    28.5    67.8    64.5    28.7    28.4   1132 | RND 31713   -8.8  30.2 | HF3 1812   -24.7   -25.8   -23.9   -82.1
