R4 gross total per $10k +79625; top-5 legs +79304; ex-top5 mean +0.33/tkt

### dvol60>=5M
  R4          n= 235 (0.53/d) gross   +42.5 (Y1    +2.6 Y2   +64.8) net@10.6bps   +21.3 (Y1   -16.8 Y2   +42.5) $  +237/mo
  R4 ex-top5  n= 235 (0.53/d) gross   +42.5 (Y1    +2.6 Y2   +64.8) net@10.6bps   +21.3 (Y1   -16.8 Y2   +42.5) $  +237/mo
  R4 @6bps    n= 235 (0.53/d) gross   +42.5 (Y1    +2.6 Y2   +64.8) net@6.0bps   +30.5 (Y1    -9.4 Y2   +52.8) $  +340/mo
  HF3         n= 806 (1.82/d) gross   -14.9 (Y1    -0.0 Y2   -23.3) net@10.2bps   -35.4 (Y1   -21.3 Y2   -43.3) $ -1348/mo
  HF3 @6bps   n= 806 (1.82/d) gross   -14.9 (Y1    -0.0 Y2   -23.3) net@6.0bps   -26.9 (Y1   -12.0 Y2   -35.3) $ -1026/mo
  RND30 @cent n/seed=441 (0.99/d) gross   -2.0±13.9 (Y1   -8.8 Y2   +1.2) net  -23.1±13.8 (Y1  -29.9 Y2  -19.8) bps 10.6
  RND30 @6bps n/seed=441 (0.99/d) gross   -2.0±13.9 (Y1   -8.8 Y2   +1.2) net  -14.0±13.9 (Y1  -20.8 Y2  -10.8) bps 6.0

### dvol60>=20M
  R4          n= 122 (0.27/d) gross   +43.0 (Y1    -9.2 Y2   +74.6) net@9.2bps   +24.7 (Y1   -25.5 Y2   +55.1) $  +143/mo
  R4 ex-top5  n= 122 (0.27/d) gross   +43.0 (Y1    -9.2 Y2   +74.6) net@9.2bps   +24.7 (Y1   -25.5 Y2   +55.1) $  +143/mo
  R4 @6bps    n= 122 (0.27/d) gross   +43.0 (Y1    -9.2 Y2   +74.6) net@6.0bps   +31.0 (Y1   -21.2 Y2   +62.6) $  +179/mo
  HF3         n= 575 (1.30/d) gross    -2.0 (Y1   +21.9 Y2   -11.7) net@9.4bps   -20.9 (Y1    +2.8 Y2   -30.5) $  -567/mo
  HF3 @6bps   n= 575 (1.30/d) gross    -2.0 (Y1   +21.9 Y2   -11.7) net@6.0bps   -14.0 (Y1    +9.9 Y2   -23.7) $  -380/mo
  RND30 @cent n/seed=265 (0.60/d) gross   -0.8±19.5 (Y1   -9.7 Y2   +3.3) net  -19.8±19.5 (Y1  -28.4 Y2  -15.9) bps 9.5
  RND30 @6bps n/seed=265 (0.60/d) gross   -0.8±19.5 (Y1   -9.7 Y2   +3.3) net  -12.8±19.5 (Y1  -21.7 Y2   -8.7) bps 6.0

### dvol60>=20M & pdv>=5M
  R4          n= 117 (0.26/d) gross   +41.8 (Y1    -7.4 Y2   +71.4) net@9.0bps   +23.7 (Y1   -23.6 Y2   +52.3) $  +131/mo
  R4 ex-top5  n= 117 (0.26/d) gross   +41.8 (Y1    -7.4 Y2   +71.4) net@9.0bps   +23.7 (Y1   -23.6 Y2   +52.3) $  +131/mo
  R4 @6bps    n= 117 (0.26/d) gross   +41.8 (Y1    -7.4 Y2   +71.4) net@6.0bps   +29.8 (Y1   -19.4 Y2   +59.4) $  +165/mo
  HF3         n= 557 (1.25/d) gross    -4.4 (Y1   +19.0 Y2   -14.1) net@9.5bps   -23.4 (Y1    -0.1 Y2   -33.0) $  -615/mo
  HF3 @6bps   n= 557 (1.25/d) gross    -4.4 (Y1   +19.0 Y2   -14.1) net@6.0bps   -16.4 (Y1    +7.0 Y2   -26.1) $  -433/mo
  RND30 @cent n/seed=254 (0.57/d) gross   -2.6±20.9 (Y1  -13.7 Y2   +2.5) net  -21.6±20.9 (Y1  -32.1 Y2  -16.7) bps 9.5
  RND30 @6bps n/seed=254 (0.57/d) gross   -2.6±20.9 (Y1  -13.7 Y2   +2.5) net  -14.6±20.9 (Y1  -25.7 Y2   -9.5) bps 6.0

### dvol60<1M (thin)
  R4          n= 550 (1.24/d) gross  +153.6 (Y1  +185.3 Y2  +123.6) net@23.2bps  +107.2 (Y1  +137.6 Y2   +78.5) $ +2788/mo
  R4 ex-top5  n= 545 (1.23/d) gross    +9.5 (Y1   -32.3 Y2   +48.8) net@23.1bps   -36.7 (Y1   -79.8 Y2    +3.9) $  -945/mo
  R4 @6bps    n= 550 (1.24/d) gross  +153.6 (Y1  +185.3 Y2  +123.6) net@6.0bps  +141.6 (Y1  +173.3 Y2  +111.6) $ +3683/mo
  HF3         n= 722 (1.63/d) gross    -9.3 (Y1   -14.0 Y2    -3.0) net@28.8bps   -66.8 (Y1   -71.5 Y2   -60.5) $ -2280/mo
  HF3 @6bps   n= 722 (1.63/d) gross    -9.3 (Y1   -14.0 Y2    -3.0) net@6.0bps   -21.3 (Y1   -26.0 Y2   -15.0) $  -726/mo
  RND30 @cent n/seed=506 (1.14/d) gross   -5.9±49.4 (Y1  -21.7 Y2   +9.1) net  -63.8±49.4 (Y1  -82.0 Y2  -46.3) bps 28.9
  RND30 @6bps n/seed=506 (1.14/d) gross   -5.9±49.4 (Y1  -21.7 Y2   +9.1) net  -17.9±49.4 (Y1  -33.7 Y2   -2.9) bps 6.0

### tail frequency by dvol60 bucket (per 1000 legs): >=+50%, >=+25%, <=-15% ; Y1/Y2
         0-1e+06 R4   n=   550  Y1[ 18.7  33.7  52.4]  Y2[ 10.6  24.7  17.7]
         0-1e+06 RND  n= 15187  Y1[  2.6  13.0  40.6]  Y2[  4.4  17.0  34.8]
         0-1e+06 HF3  n=   722  Y1[  2.4  14.6   2.4]  Y2[  0.0   3.2   0.0]
     1e+06-5e+06 R4   n=   180  Y1[  0.0  13.9  27.8]  Y2[  0.0   0.0  18.5]
     1e+06-5e+06 RND  n=  6477  Y1[  0.4   2.5  14.5]  Y2[  0.3   1.3   9.4]
     1e+06-5e+06 HF3  n=   311  Y1[  0.0   0.0   0.0]  Y2[  0.0   0.0   0.0]
     1e+08-1e+15 R4   n=    28  Y1[  0.0   0.0   0.0]  Y2[  0.0   0.0   0.0]
     1e+08-1e+15 RND  n=  3049  Y1[  0.0   0.0   0.8]  Y2[  0.0   0.0   0.0]
     1e+08-1e+15 HF3  n=   241  Y1[  0.0   0.0   0.0]  Y2[  0.0   0.0   0.0]
     2e+07-1e+08 R4   n=    94  Y1[  0.0   0.0   0.0]  Y2[  0.0  17.2   0.0]
     2e+07-1e+08 RND  n=  4912  Y1[  0.0   0.0   1.3]  Y2[  0.0   0.9   0.6]
     2e+07-1e+08 HF3  n=   334  Y1[  0.0   0.0   0.0]  Y2[  0.0   0.0   0.0]
     5e+06-2e+07 R4   n=   113  Y1[  0.0   0.0   0.0]  Y2[  0.0  13.3   0.0]
     5e+06-2e+07 RND  n=  5276  Y1[  0.0   1.0   4.7]  Y2[  0.0   0.0   4.2]
     5e+06-2e+07 HF3  n=   231  Y1[  0.0   0.0   0.0]  Y2[  0.0   0.0   0.0]
